Added Parameter Mfg Part Number=ASDMB-25.000MHZ-LC-T to Part Y1
Added Parameter Part Number #1=BLM15AG102SN1D to Part L1
Added Parameter Part Number #1=CL05A104KP5NNNC to Part C39
Added Parameter Part Number #1=CL05A104KP5NNNC to Part C41
Added Parameter Part Number #1=CL05A104KP5NNNC to Part C43
Added Parameter Part Number #1=CL05A104KP5NNNC to Part C44
Added Parameter Part Number #1=CL05A104KP5NNNC to Part C45
Added Parameter Part Number #1=CL05A225KP5NSNC to Part C42
Added Parameter Part Number #1=CL05A226MQ5N6J8 to Part C38
Added Parameter Part Number #1=CL05A226MQ5N6J8 to Part C40
Added Parameter Part Number #1=CRCW040249R9FKED to Part R53
Added Parameter Part Number #1=CRCW040249R9FKED to Part R54
Added Parameter Part Number #1=CRCW040249R9FKED to Part R55
Added Parameter Part Number #1=CRCW040249R9FKED to Part R56
Added Parameter Part Number #1=ERJ-2RKF1001X to Part R48
Added Parameter Part Number #1=ERJ-2RKF2200X to Part R47
Added Parameter Part Number #1=H1102NLT to Part T1
Added Parameter Part Number #1=KSZ8091MNXCA to Part U5
Added Parameter Part Number #1=RC0402JR-0775RL to Part R49
Added Parameter Part Number #1=RC0402JR-0775RL to Part R50
Added Parameter Part Number #1=RC0402JR-0775RL to Part R51
Added Parameter Part Number #1=RC0402JR-0775RL to Part R52
Added Parameter Part Number #1=RJHSE-5385 to Part J2
Added Parameter Part Number #1=RMCF0402FT10K0 to Part R57
Added Parameter Part Number #1=VJ1206A102JXRAT5Z to Part C46
