Removed Parameter Case/Package:2020 from Part L8
Removed Parameter Case/Package:2020 from Part L9
Removed Parameter Case/Package:2020 from Part L10
Removed Parameter Case/Package:2020 from Part L11
Removed Parameter Core Material:Ferrite from Part L8
Removed Parameter Core Material:Ferrite from Part L9
Removed Parameter Core Material:Ferrite from Part L10
Removed Parameter Core Material:Ferrite from Part L11
Removed Parameter Min Operating Temperature:-40°C from Part L8
Removed Parameter Min Operating Temperature:-40°C from Part L9
Removed Parameter Min Operating Temperature:-40°C from Part L10
Removed Parameter Min Operating Temperature:-40°C from Part L11
Removed Parameter Mount:Surface Mount from Part L8
Removed Parameter Mount:Surface Mount from Part L9
Removed Parameter Mount:Surface Mount from Part L10
Removed Parameter Mount:Surface Mount from Part L11
Removed Parameter NI: from Part C49
Removed Parameter NI: from Part C50
Removed Parameter NI: from Part C53
Removed Parameter NI: from Part C54
Removed Parameter NI: from Part C62
Removed Parameter NI: from Part C63
Removed Parameter NI: from Part C64
Removed Parameter NI: from Part C65
Removed Parameter NI: from Part C66
Removed Parameter NI: from Part C67
Removed Parameter NI: from Part J3
Removed Parameter NI: from Part J4
Removed Parameter NI: from Part R59
Removed Parameter NI: from Part R60
Removed Parameter NI: from Part R61
Removed Parameter NI: from Part R62
Removed Parameter NI: from Part R63
Removed Parameter NI: from Part R66
Removed Parameter NI: from Part R67
Removed Parameter NI: from Part R68
Removed Parameter NI: from Part R69
Removed Parameter NI: from Part R70
Removed Parameter NI: from Part R73
Removed Parameter NI: from Part R74
Removed Parameter NI: from Part R87
Removed Parameter NI: from Part R88
Removed Parameter NI: from Part R89
Removed Parameter NI: from Part R90
Removed Parameter NI: from Part U8
Removed Parameter NI: from Part U8
Removed Parameter NI: from Part U8
Removed Parameter NI: from Part U8
Removed Parameter NI: from Part U9
Removed Parameter NI: from Part U9
