Added Parameter Mfg Part Number=410-357-B to Part M1
Added Parameter Mfg Part Number=10118194-0001LF to Part J1
Added Parameter Mfg Part Number=ADUM3160BRWZ-RL to Part ISO1
Added Parameter Mfg Part Number=M25P128-VME6TGB to Part U4
Added Parameter Part Number #1=C0402C201K8HACTU to Part C37
Added Parameter Part Number #1=CL05A104KP5NNNC to Part C33
Added Parameter Part Number #1=CL05A104KP5NNNC to Part C34
Added Parameter Part Number #1=CL05A104KP5NNNC to Part C35
Added Parameter Part Number #1=CL05A104KP5NNNC to Part C36
Added Parameter Part Number #1=ERJ-3GEY0R00V to Part R46
Added Parameter Part Number #1=M25P128-VME6TGB to Part U4
Added Parameter Part Number #1=RC0402FR-074K7L to Part R36
Added Parameter Part Number #1=RC0402FR-074K7L to Part R37
Added Parameter Part Number #1=RC0402FR-074K7L to Part R40
Added Parameter Part Number #1=RC0402FR-0720RL to Part R33
Added Parameter Part Number #1=RC0402FR-0724RL to Part R42
Added Parameter Part Number #1=RC0402FR-0724RL to Part R43
Added Parameter Part Number #1=RC0402FR-0724RL to Part R44
Added Parameter Part Number #1=RC0402FR-0724RL to Part R45
Added Parameter Part Number #1=RC0402FR-07330RL to Part R38
Added Parameter Part Number #1=RC0402JR-072K4L to Part R39
Added Parameter Part Number #1=RK73H1ETTP1000F to Part R34
Added Parameter Part Number #1=RK73H1ETTP1000F to Part R35
Added Parameter Part Number #1=RMCF0402FT10K0 to Part R41
Added Parameter Part Number #1=XC6SLX100-3FGG676C to Part U1
Added Parameter Part Number #1=XC6SLX100-3FGG676C to Part U1
