Added Parameter Part Number #1=C0805C102K8RACTU to Part C26
Added Parameter Part Number #1=CL05A104KP5NNNC to Part C1
Added Parameter Part Number #1=CL05A104KP5NNNC to Part C2
Added Parameter Part Number #1=CL05A104KP5NNNC to Part C3
Added Parameter Part Number #1=CL05A104KP5NNNC to Part C4
Added Parameter Part Number #1=CL05A104KP5NNNC to Part C5
Added Parameter Part Number #1=CL05A104KP5NNNC to Part C6
Added Parameter Part Number #1=CL05A104KP5NNNC to Part C7
Added Parameter Part Number #1=CL05A104KP5NNNC to Part C8
Added Parameter Part Number #1=CL05A104KP5NNNC to Part C9
Added Parameter Part Number #1=CL05A104KP5NNNC to Part C10
Added Parameter Part Number #1=CL05A104KP5NNNC to Part C11
Added Parameter Part Number #1=CL05A104KP5NNNC to Part C12
Added Parameter Part Number #1=CL05A104KP5NNNC to Part C13
Added Parameter Part Number #1=CL05A104KP5NNNC to Part C14
Added Parameter Part Number #1=CL05A104KP5NNNC to Part C15
Added Parameter Part Number #1=CL05A104KP5NNNC to Part C16
Added Parameter Part Number #1=CL05A104KP5NNNC to Part C17
Added Parameter Part Number #1=CL05A104KP5NNNC to Part C18
Added Parameter Part Number #1=CL05A104KP5NNNC to Part C19
Added Parameter Part Number #1=CL05A104KP5NNNC to Part C20
Added Parameter Part Number #1=CL05A104KP5NNNC to Part C21
Added Parameter Part Number #1=CL05A104KP5NNNC to Part C22
Added Parameter Part Number #1=CL05A104KP5NNNC to Part C23
Added Parameter Part Number #1=CL05A104KP5NNNC to Part C24
Added Parameter Part Number #1=CL05A104KP5NNNC to Part C29
Added Parameter Part Number #1=CRCW040240R2FKED to Part R1
Added Parameter Part Number #1=CRCW040240R2FKED to Part R2
Added Parameter Part Number #1=CRCW040240R2FKED to Part R3
Added Parameter Part Number #1=CRCW040240R2FKED to Part R4
Added Parameter Part Number #1=CRCW040240R2FKED to Part R5
Added Parameter Part Number #1=CRCW040240R2FKED to Part R6
Added Parameter Part Number #1=CRCW040240R2FKED to Part R7
Added Parameter Part Number #1=CRCW040240R2FKED to Part R8
Added Parameter Part Number #1=CRCW040240R2FKED to Part R9
Added Parameter Part Number #1=CRCW040240R2FKED to Part R10
Added Parameter Part Number #1=CRCW040240R2FKED to Part R11
Added Parameter Part Number #1=CRCW040240R2FKED to Part R12
Added Parameter Part Number #1=CRCW040240R2FKED to Part R13
Added Parameter Part Number #1=CRCW040240R2FKED to Part R14
Added Parameter Part Number #1=CRCW040240R2FKED to Part R15
Added Parameter Part Number #1=CRCW040240R2FKED to Part R16
Added Parameter Part Number #1=CRCW040240R2FKED to Part R17
Added Parameter Part Number #1=CRCW040240R2FKED to Part R18
Added Parameter Part Number #1=CRCW040240R2FKED to Part R19
Added Parameter Part Number #1=CRCW040240R2FKED to Part R20
Added Parameter Part Number #1=CRCW040240R2FKED to Part R21
Added Parameter Part Number #1=CRCW040240R2FKED to Part R22
Added Parameter Part Number #1=CRCW040240R2FKED to Part R23
Added Parameter Part Number #1=CRCW040240R2FKED to Part R24
Added Parameter Part Number #1=CRCW040240R2FKED to Part R26
Added Parameter Part Number #1=CRCW040240R2FKED to Part R27
Added Parameter Part Number #1=ERJ-2RKF2400X to Part R28
Added Parameter Part Number #1=GRM21BR71A106KA73L to Part C27
Added Parameter Part Number #1=GRM21BR71A106KA73L to Part C28
Added Parameter Part Number #1=GRM21BR71A106KA73L to Part C30
Added Parameter Part Number #1=GRM21BR71A106KA73L to Part C31
Added Parameter Part Number #1=GRM21BR71A106KA73L to Part C32
Added Parameter Part Number #1=GRM219R60J475KE19D to Part C25
Added Parameter Part Number #1=MT41J128M16JT-125 to Part U2
Added Parameter Part Number #1=RC0402FR-074K7L to Part R25
Added Parameter Part Number #1=RC0402FR-07100KL to Part R30
Added Parameter Part Number #1=RK73H1ETTP1000F to Part R29
Added Parameter Part Number #1=RMCF0402FT10K0 to Part R31
Added Parameter Part Number #1=RMCF0402FT10K0 to Part R32
