Removed Parameter Assembly Note: from Part U3
Removed Parameter Assembly Type:SMD from Part U3
Removed Parameter NI: from Part C1
Removed Parameter NI: from Part C2
Removed Parameter NI: from Part C3
Removed Parameter NI: from Part C4
Removed Parameter NI: from Part C5
Removed Parameter NI: from Part C6
Removed Parameter NI: from Part C7
Removed Parameter NI: from Part C8
Removed Parameter NI: from Part C9
Removed Parameter NI: from Part C10
Removed Parameter NI: from Part C15
Removed Parameter NI: from Part C16
Removed Parameter NI: from Part C17
Removed Parameter NI: from Part C18
Removed Parameter NI: from Part C19
Removed Parameter NI: from Part C20
Removed Parameter NI: from Part C21
Removed Parameter NI: from Part C22
Removed Parameter NI: from Part C23
Removed Parameter NI: from Part C24
Removed Parameter NI: from Part C25
Removed Parameter NI: from Part C26
Removed Parameter NI: from Part C27
Removed Parameter NI: from Part C28
Removed Parameter NI: from Part C29
Removed Parameter NI: from Part C30
Removed Parameter NI: from Part C31
Removed Parameter NI: from Part C32
Removed Parameter NI: from Part R1
Removed Parameter NI: from Part R2
Removed Parameter NI: from Part R3
Removed Parameter NI: from Part R4
Removed Parameter NI: from Part R5
Removed Parameter NI: from Part R6
Removed Parameter NI: from Part R7
Removed Parameter NI: from Part R8
Removed Parameter NI: from Part R9
Removed Parameter NI: from Part R10
Removed Parameter NI: from Part R11
Removed Parameter NI: from Part R12
Removed Parameter NI: from Part R13
Removed Parameter NI: from Part R14
Removed Parameter NI: from Part R15
Removed Parameter NI: from Part R16
Removed Parameter NI: from Part R17
Removed Parameter NI: from Part R18
Removed Parameter NI: from Part R19
Removed Parameter NI: from Part R20
Removed Parameter NI: from Part R21
Removed Parameter NI: from Part R22
Removed Parameter NI: from Part R23
Removed Parameter NI: from Part R24
Removed Parameter NI: from Part R25
Removed Parameter NI: from Part R26
Removed Parameter NI: from Part R27
Removed Parameter NI: from Part R28
Removed Parameter NI: from Part R29
Removed Parameter NI: from Part R30
Removed Parameter NI: from Part R31
Removed Parameter NI: from Part R32
Removed Parameter NI: from Part U2
Removed Parameter Note:* from Part U3
