Removed Parameter Assembly Note: from Part D2
Removed Parameter Assembly Note: from Part Y1
Removed Parameter Assembly Type:SMD from Part D2
Removed Parameter Assembly Type:SMD from Part Y1
Removed Parameter NI: from Part C38
Removed Parameter NI: from Part C39
Removed Parameter NI: from Part C40
Removed Parameter NI: from Part C41
Removed Parameter NI: from Part C42
Removed Parameter NI: from Part C43
Removed Parameter NI: from Part C44
Removed Parameter NI: from Part C45
Removed Parameter NI: from Part C46
Removed Parameter NI: from Part C48
Removed Parameter NI: from Part J2
Removed Parameter NI: from Part L1
Removed Parameter NI: from Part R47
Removed Parameter NI: from Part R48
Removed Parameter NI: from Part R49
Removed Parameter NI: from Part R50
Removed Parameter NI: from Part R51
Removed Parameter NI: from Part R52
Removed Parameter NI: from Part R53
Removed Parameter NI: from Part R54
Removed Parameter NI: from Part R55
Removed Parameter NI: from Part R56
Removed Parameter NI: from Part R57
Removed Parameter NI: from Part T1
Removed Parameter NI: from Part U5
Removed Parameter Note:* from Part D2
Removed Parameter Note:* from Part Y1
Added Parameter Mfg Part Number=TPD4E05U06DQAR to Part D2
