Removed Parameter Assembly Note: from Part D8
Removed Parameter Assembly Note: from Part D9
Removed Parameter Assembly Note: from Part D11
Removed Parameter Assembly Note: from Part D12
Removed Parameter Assembly Note: from Part D13
Removed Parameter Assembly Note: from Part D14
Removed Parameter Assembly Note: from Part S1
Removed Parameter Assembly Note: from Part S2
Removed Parameter Assembly Note: from Part S3
Removed Parameter Assembly Type:SMD from Part D8
Removed Parameter Assembly Type:SMD from Part D9
Removed Parameter Assembly Type:SMD from Part D11
Removed Parameter Assembly Type:SMD from Part D12
Removed Parameter Assembly Type:SMD from Part D13
Removed Parameter Assembly Type:SMD from Part D14
Removed Parameter Assembly Type:SMD from Part S1
Removed Parameter Assembly Type:SMD from Part S2
Removed Parameter Assembly Type:SMD from Part S3
Removed Parameter NI: from Part D3
Removed Parameter NI: from Part D4
Removed Parameter NI: from Part D5
Removed Parameter NI: from Part D6
Removed Parameter NI: from Part R100
Removed Parameter NI: from Part R101
Removed Parameter NI: from Part R102
Removed Parameter NI: from Part R103
Removed Parameter NI: from Part R104
Removed Parameter NI: from Part R105
Removed Parameter NI: from Part R106
Removed Parameter NI: from Part R112
Removed Parameter NI: from Part U13
Removed Parameter Note:* from Part D8
Removed Parameter Note:* from Part D9
Removed Parameter Note:* from Part D11
Removed Parameter Note:* from Part D12
Removed Parameter Note:* from Part D13
Removed Parameter Note:* from Part D14
Removed Parameter Note: from Part S1
Removed Parameter Note: from Part S2
Removed Parameter Note: from Part S3
Added Parameter Mfg Part Number=B3SN-3012P to Part S1
Added Parameter Mfg Part Number=B3SN-3012P to Part S2
Added Parameter Mfg Part Number=B3SN-3012P to Part S3
Added Parameter Mfg Part Number=SMLVT3V3 to Part D8
Added Parameter Mfg Part Number=SMLVT3V3 to Part D9
Added Parameter Mfg Part Number=SMLVT3V3 to Part D11
Added Parameter Mfg Part Number=SMLVT3V3 to Part D12
Added Parameter Mfg Part Number=SMLVT3V3 to Part D13
Added Parameter Mfg Part Number=SMLVT3V3 to Part D14
