Removed Parameter Case/Package:2020 from Part L4
Removed Parameter Case/Package:2020 from Part L5
Removed Parameter Case/Package:2020 from Part L6
Removed Parameter Case/Package:2020 from Part L7
Removed Parameter Core Material:Ferrite from Part L4
Removed Parameter Core Material:Ferrite from Part L5
Removed Parameter Core Material:Ferrite from Part L6
Removed Parameter Core Material:Ferrite from Part L7
Removed Parameter Min Operating Temperature:-40°C from Part L4
Removed Parameter Min Operating Temperature:-40°C from Part L5
Removed Parameter Min Operating Temperature:-40°C from Part L6
Removed Parameter Min Operating Temperature:-40°C from Part L7
Removed Parameter Mount:Surface Mount from Part L4
Removed Parameter Mount:Surface Mount from Part L5
Removed Parameter Mount:Surface Mount from Part L6
Removed Parameter Mount:Surface Mount from Part L7
Removed Parameter NI: from Part C51
Removed Parameter NI: from Part C52
Removed Parameter NI: from Part C55
Removed Parameter NI: from Part C56
Removed Parameter NI: from Part C57
Removed Parameter NI: from Part C58
Removed Parameter NI: from Part C59
Removed Parameter NI: from Part C60
Removed Parameter NI: from Part C61
Removed Parameter NI: from Part C69
Removed Parameter NI: from Part C70
Removed Parameter NI: from Part C71
Removed Parameter NI: from Part J5
Removed Parameter NI: from Part J6
Removed Parameter NI: from Part R64
Removed Parameter NI: from Part R65
Removed Parameter NI: from Part R71
Removed Parameter NI: from Part R72
Removed Parameter NI: from Part R75
Removed Parameter NI: from Part R76
Removed Parameter NI: from Part R77
Removed Parameter NI: from Part R78
Removed Parameter NI: from Part R79
Removed Parameter NI: from Part R80
Removed Parameter NI: from Part R81
Removed Parameter NI: from Part R82
Removed Parameter NI: from Part R83
Removed Parameter NI: from Part R84
Removed Parameter NI: from Part R85
Removed Parameter NI: from Part R86
Removed Parameter NI: from Part R91
Removed Parameter NI: from Part U7
Removed Parameter NI: from Part U7
Removed Parameter NI: from Part U7
Removed Parameter NI: from Part U11
Removed Parameter NI: from Part U11
